// Jest Snapshot v1, https://goo.gl/fbAQLP

exports[`<ArtistQuestionScreen/> is rendering correctly 1`] = `[Function]`;
