// Jest Snapshot v1, https://goo.gl/fbAQLP

exports[`<GenreQuestionScreen/> is rendered correctly 1`] = `[Function]`;
