// Jest Snapshot v1, https://goo.gl/fbAQLP

exports[`AudioPlayer renders correctly 1`] = `[Function]`;
